1Class.java:1: error: <identifier> expected

StaticImportsInvalid.java:1: error: class, interface, or enum expected

ImportStarInvalid.java:6: error: cannot find symbol

Can't subclass final classes

Apple.java:1: error: ';' expected

Apple.java:3: error: Apple is not abstract and does not override abstract method getColor() in Fruit

Bounceable.java:7: error: modifier private not allowed here
    private void bounce2();

StaticMethodInterface.java:2: error: missing method body, or declare abstract

DefaultMethodInterface.java:#: error: method process() is already defined in interface DefaultMethodInterface

Dog.java:7: error: sleep() in Dog cannot override sleep() in Animal

./Computer.java:2: error: abstract methods cannot have a body

---

Macintosh.java:11: error: displayBiosInformation() in Macintosh cannot override displayBiosInformation() in Computer
    private void displayBiosInformation() {
                 ^
  attempting to assign weaker access privileges; was public
1 error

--- 

Macintosh.java:20: error: cannot find symbol
        mac.doSomethingPrivateInSuperClass();
           ^
  symbol:   method doSomethingPrivateInSuperClass()
  location: variable mac of type Macintosh
1 error

---

MacBook-Pro:AccessModifiers dbell$ javac packageone/ObjectOne.java
MacBook-Pro:AccessModifiers dbell$ javac packagetwo/ObjectTwo.java
packagetwo/ObjectTwo.java:8: error: doAction() is not public in ObjectOne; cannot be accessed from outside package
        objectOne.doAction();
                 ^
1 error

---

MacBook-Pro:AccessModifiers dbell$ javac packagethree/ObjectThree.java
packagethree/ObjectThree.java:10: error: cannot find symbol
        o3.doAction();
          ^
  symbol:   method doAction()
  location: variable o3 of type ObjectThree
1 error

---

MacBook-Pro:AccessModifiers dbell$ javac packagethree/ObjectThree.java
packagethree/ObjectThree.java:25: error: defaultVariable is not public in ObjectOne; cannot be accessed from outside package
        System.out.println("default variable   : " + o3.defaultVariable);
                                                       ^
1 error

---

MacBook-Pro:AccessModifiers dbell$ javac packagethree/ObjectThree.java
packagethree/ObjectThree.java:29: error: protectedVariable has protected access in ObjectOne
        System.out.println(o1.protectedVariable);
                             ^
1 error

---

MacBook-Pro:AccessModifiers dbell$ javac packagethree/ObjectThree2.java
packagethree/ObjectThree2.java:9: error: defaultVariable is not public in ObjectOne; cannot be accessed from outside package
        System.out.println("default variable   : " + o32.defaultVariable);
                                                        ^
1 error

---

MacBook-Pro:protected_details dbell$ javac p2/Sub2.java
p2/Sub2.java:8: error: action() has protected access in Super
        s.action();
         ^
1 error

---

public static void main(String[] args) {
        public int bar = 0;
}

LocalVariable.java:5: error: illegal start of expression
        public int bar = 0;
        ^
1 error

---